MemTotal:       16266356 kB
MemFree:         8234567 kB
MemAvailable:   12345678 kB
Buffers:          123456 kB
Cached:          2345678 kB
SwapCached:            0 kB
Active:          3456789 kB
Inactive:        2345678 kB
Active(anon):    1234567 kB
Inactive(anon):   123456 kB
Active(file):    2222222 kB
Inactive(file):  2222222 kB
Unevictable:       12345 kB
Mlocked:           12345 kB
SwapTotal:       8388604 kB
SwapFree:        8388604 kB
Zswap:                 0 kB
Zswapped:              0 kB
Dirty:               123 kB
Writeback:             0 kB
AnonPages:       1234567 kB
Mapped:           234567 kB
Shmem:            123456 kB
KReclaimable:     234567 kB
Slab:             345678 kB
SReclaimable:     234567 kB
SUnreclaim:       111111 kB
KernelStack:       12345 kB
PageTables:        23456 kB
NFS_Unstable:          0 kB
Bounce:                0 kB
WritebackTmp:          0 kB
CommitLimit:    16521780 kB
Committed_AS:    4567890 kB
VmallocTotal:   34359738367 kB
VmallocUsed:       45678 kB
VmallocChunk:          0 kB
Percpu:            12345 kB
HardwareCorrupted:     0 kB
AnonHugePages:    123456 kB
ShmemHugePages:        0 kB
ShmemPmdMapped:        0 kB
FileHugePages:         0 kB
FilePmdMapped:         0 kB
HugePages_Total:       0
HugePages_Free:        0
HugePages_Rsvd:        0
HugePages_Surp:        0
Hugepagesize:       2048 kB
Hugetlb:               0 kB
DirectMap4k:      234567 kB
DirectMap2M:     8765432 kB
DirectMap1G:     9437184 kB
